// Jest Snapshot v1, https://goo.gl/fbAQLP

exports[`<ProjectRow /> should render to match the snapshot 1`] = `
<tr>
  <td>
    Name1
  </td>
  <td>
    Description
  </td>
</tr>
`;
